exports[`test should render the home container 1`] = `
<div
  className={undefined}>
  Velkommen til Lånehaien, her kan du låne masse cash for en rolig rente på 46%.
  <br />
  <br />
  <div>
    <a
      href="/loan"
      onClick={[Function]}>
      <button
        className={undefined}>
        Jeg vil søke om lån
      </button>
    </a>
  </div>
</div>
`;
